
────────────────────────────────────────────────────────────
  TEST START — Tabak Grouping & Split Automation (UNATTENDED)
────────────────────────────────────────────────────────────
[2026-06-04T15:43:34.216Z] [INFO ] Log file : C:\Users\abhinav.kaushik\OneDrive - Provana India Pvt. Ltd\Desktop\PRA\documents_upload\playwright-project\tests\logs\Tabak_2026-06-04_21-13-34.log
[2026-06-04T15:43:34.217Z] [INFO ] Run mode : HEADLESS / UNATTENDED

────────────────────────────────────────────────────────────
  STEP 1 — Navigate to Tabak Application
────────────────────────────────────────────────────────────
[2026-06-04T15:43:44.597Z] [INFO ] Page loaded — title: "Auth | Login"

────────────────────────────────────────────────────────────
  STEP 2 — Login
────────────────────────────────────────────────────────────
[2026-06-04T15:43:44.650Z] [INFO ] Login form visible
[2026-06-04T15:43:44.677Z] [INFO ] Email entered
[2026-06-04T15:43:44.709Z] [INFO ] Password entered
[2026-06-04T15:43:50.492Z] [INFO ] Login successful — URL: http://172.168.50.94/queue/file-inbox

────────────────────────────────────────────────────────────
  STEP 3 — Navigate to File Inbox Queue (process=6)
────────────────────────────────────────────────────────────
[2026-06-04T15:43:56.975Z] [INFO ] Queue page loaded — URL: http://172.168.50.94/queue/file-inbox?process=6

────────────────────────────────────────────────────────────
  STEP 4 — Select Grouping Process from Dropdown
────────────────────────────────────────────────────────────
[2026-06-04T15:43:57.955Z] [INFO ] Grouping process selected
[2026-06-04T15:43:59.470Z] [INFO ] URL after selection: http://172.168.50.94/queue/file-inbox?process=7

────────────────────────────────────────────────────────────
  STEP 5 — Count Files in Inbox
────────────────────────────────────────────────────────────
[2026-06-04T15:44:07.492Z] [WARN ] File list selector not found — inbox may be empty
[2026-06-04T15:44:07.498Z] [INFO ] Total files in inbox: 0
[2026-06-04T15:44:07.498Z] [WARN ] No files found on Grouping screen — switching to Classification process
[2026-06-04T15:44:08.431Z] [INFO ] Classification process selected
[2026-06-04T15:44:09.948Z] [WARN ] No file visible on Classification screen after process switch

────────────────────────────────────────────────────────────
  STEP 6 — Process All 0 Files (Split → Confirm Split)
────────────────────────────────────────────────────────────

────────────────────────────────────────────────────────────
  STEP 7 — Select Classification Process and Add First File to Query
────────────────────────────────────────────────────────────
[2026-06-04T15:44:09.952Z] [INFO ] Selecting Classification process
[2026-06-04T15:44:10.880Z] [INFO ] Classification process selected
[2026-06-04T15:44:12.388Z] [INFO ] Selecting first file in classification screen
[2026-06-04T15:44:14.436Z] [INFO ] First file selected
[2026-06-04T15:44:14.655Z] [WARN ] Select query item(s) dropdown not found
[2026-06-04T15:44:14.760Z] [WARN ] Save button not found

────────────────────────────────────────────────────────────
  STEP 8 — Post-Loop Validation
────────────────────────────────────────────────────────────
[2026-06-04T15:44:16.783Z] [INFO ] Page title: "File Inbox"
[2026-06-04T15:44:16.785Z] [INFO ] Final URL: http://172.168.50.94/queue/file-inbox?process=6
[2026-06-04T15:44:16.785Z] [WARN ] URL VALIDATION — "process=7" not found in: http://172.168.50.94/queue/file-inbox?process=6
[2026-06-04T15:44:16.788Z] [WARN ] Final validation skipped due to page closure or navigation error: [2mexpect([22m[31mreceived[39m[2m).[22mtoContain[2m([22m[32mexpected[39m[2m) // indexOf[22m

Expected substring: [32m"process=7"[39m
Received string:    [31m"http://172.168.50.94/queue/file-inbox?process=6"[39m

────────────────────────────────────────────────────────────
  STEP 8 — Final Screenshot
────────────────────────────────────────────────────────────
[2026-06-04T15:44:16.961Z] [INFO ] Final screenshot saved: screenshots/tabak-completed.png
[2026-06-04T15:44:16.961Z] [INFO ] Test execution complete

════════════════════════════════════════════════════════════
  TABAK TEST RUN SUMMARY
════════════════════════════════════════════════════════════
  Log file      : C:\Users\abhinav.kaushik\OneDrive - Provana India Pvt. Ltd\Desktop\PRA\documents_upload\playwright-project\tests\logs\Tabak_2026-06-04_21-13-34.log
  Run date/time : 6/4/2026, 9:13:34 PM
  Total files   : 0
  Errors logged : 5
  INFO lines    : 20
  WARN lines    : 7
  ERROR lines   : 0
  Elapsed       : 42.7 s

  ── ERROR DETAILS ──────────────────────────────────────
  [1] File list selector not found — inbox may be empty
  [2] No files found on Grouping screen — switching to Classification process
  [3] No file visible on Classification screen after process switch
  [4] Save button not found
  [5] URL VALIDATION — "process=7" not found in: http://172.168.50.94/queue/file-inbox?process=6

  RESULT : ⚠ COMPLETED WITH ERRORS
════════════════════════════════════════════════════════════

