
────────────────────────────────────────────────────────────
  TEST START — Tabak Grouping & Split Automation (UNATTENDED)
────────────────────────────────────────────────────────────
[2026-06-03T12:14:57.053Z] [INFO ] Log file : C:\Users\abhinav.kaushik\OneDrive - Provana India Pvt. Ltd\Desktop\PRA\documents_upload\playwright-project\tests\logs\Tabak_2026-06-03_17-44-57.log
[2026-06-03T12:14:57.053Z] [INFO ] Run mode : HEADLESS / UNATTENDED

────────────────────────────────────────────────────────────
  STEP 1 — Navigate to Tabak Application
────────────────────────────────────────────────────────────
[2026-06-03T12:15:07.343Z] [INFO ] Page loaded — title: "Auth | Login"

────────────────────────────────────────────────────────────
  STEP 2 — Login
────────────────────────────────────────────────────────────
[2026-06-03T12:15:07.398Z] [INFO ] Login form visible
[2026-06-03T12:15:07.427Z] [INFO ] Email entered
[2026-06-03T12:15:07.459Z] [INFO ] Password entered
[2026-06-03T12:15:13.144Z] [INFO ] Login successful — URL: http://172.168.50.94/queue/file-inbox

────────────────────────────────────────────────────────────
  STEP 3 — Navigate to File Inbox Queue (process=6)
────────────────────────────────────────────────────────────
[2026-06-03T12:15:19.802Z] [INFO ] Queue page loaded — URL: http://172.168.50.94/queue/file-inbox?process=6

────────────────────────────────────────────────────────────
  STEP 4 — Select Grouping Process from Dropdown
────────────────────────────────────────────────────────────
[2026-06-03T12:15:19.802Z] [INFO ] Opening Select Process dropdown...
[2026-06-03T12:15:20.762Z] [INFO ] Grouping process selected
[2026-06-03T12:15:22.766Z] [INFO ] URL after selection: http://172.168.50.94/queue/file-inbox?process=7

────────────────────────────────────────────────────────────
  STEP 5 — Count Files in Inbox
────────────────────────────────────────────────────────────
[2026-06-03T12:15:30.784Z] [WARN ] File list selector not found — inbox may be empty
[2026-06-03T12:15:30.792Z] [INFO ] Total files in inbox: 0
[2026-06-03T12:15:30.792Z] [WARN ] No files found on Grouping screen — switching to Classification process
[2026-06-03T12:15:31.727Z] [INFO ] Classification process selected from dropdown
[2026-06-03T12:15:34.779Z] [INFO ] First file on Classification screen selected

────────────────────────────────────────────────────────────
  STEP 6 — Process All 0 Files (Split → Confirm Split)
────────────────────────────────────────────────────────────

────────────────────────────────────────────────────────────
  STEP 7 — Select Classification Process and Add First File to Query
────────────────────────────────────────────────────────────
[2026-06-03T12:15:34.780Z] [INFO ] Opening Process dropdown to select classification process
[2026-06-03T12:15:35.689Z] [INFO ] Classification process selected
[2026-06-03T12:15:55.259Z] [INFO ] Selecting first file in classification screen
[2026-06-03T12:15:57.305Z] [INFO ] First file selected
[2026-06-03T12:15:57.305Z] [INFO ] Opening Add to query dropdown
[2026-06-03T12:15:57.324Z] [WARN ] Add to query dropdown not found
[2026-06-03T12:15:57.329Z] [WARN ] Add to query button not found
[2026-06-03T12:15:57.334Z] [WARN ] Save button not found

────────────────────────────────────────────────────────────
  STEP 8 — Post-Loop Validation
────────────────────────────────────────────────────────────
[2026-06-03T12:15:58.186Z] [ERROR] Browser page error: Worker was terminated
[2026-06-03T12:15:59.342Z] [INFO ] Page title: "File Inbox"
[2026-06-03T12:15:59.345Z] [INFO ] Final URL: http://172.168.50.94/queue/file-inbox?process=6
[2026-06-03T12:15:59.345Z] [WARN ] URL VALIDATION — "process=7" not found in: http://172.168.50.94/queue/file-inbox?process=6
