
────────────────────────────────────────────────────────────
  TEST START — Tabak Grouping & Split Automation (UNATTENDED)
────────────────────────────────────────────────────────────
[2026-06-03T12:21:48.863Z] [INFO ] Log file : C:\Users\abhinav.kaushik\OneDrive - Provana India Pvt. Ltd\Desktop\PRA\documents_upload\playwright-project\tests\logs\Tabak_2026-06-03_17-51-48.log
[2026-06-03T12:21:48.863Z] [INFO ] Run mode : HEADLESS / UNATTENDED

────────────────────────────────────────────────────────────
  STEP 1 — Navigate to Tabak Application
────────────────────────────────────────────────────────────
[2026-06-03T12:21:59.578Z] [INFO ] Page loaded — title: "Auth | Login"

────────────────────────────────────────────────────────────
  STEP 2 — Login
────────────────────────────────────────────────────────────
[2026-06-03T12:21:59.617Z] [INFO ] Login form visible
[2026-06-03T12:21:59.639Z] [INFO ] Email entered
[2026-06-03T12:21:59.658Z] [INFO ] Password entered
[2026-06-03T12:22:05.563Z] [INFO ] Login successful — URL: http://172.168.50.94/queue/file-inbox

────────────────────────────────────────────────────────────
  STEP 3 — Navigate to File Inbox Queue (process=6)
────────────────────────────────────────────────────────────
[2026-06-03T12:22:15.094Z] [INFO ] Queue page loaded — URL: http://172.168.50.94/queue/file-inbox?process=6

────────────────────────────────────────────────────────────
  STEP 4 — Select Grouping Process from Dropdown
────────────────────────────────────────────────────────────
[2026-06-03T12:22:15.094Z] [INFO ] Opening Select Process dropdown...
[2026-06-03T12:22:16.046Z] [INFO ] Grouping process selected
[2026-06-03T12:22:18.067Z] [INFO ] URL after selection: http://172.168.50.94/queue/file-inbox?process=7

────────────────────────────────────────────────────────────
  STEP 5 — Count Files in Inbox
────────────────────────────────────────────────────────────
[2026-06-03T12:22:26.082Z] [WARN ] File list selector not found — inbox may be empty
[2026-06-03T12:22:26.092Z] [INFO ] Total files in inbox: 0
[2026-06-03T12:22:26.092Z] [WARN ] No files found on Grouping screen — switching to Classification process
[2026-06-03T12:22:27.024Z] [INFO ] Classification process selected from dropdown
[2026-06-03T12:22:30.077Z] [INFO ] First file on Classification screen selected
[2026-06-03T12:22:32.086Z] [INFO ] Opening Select query item dropdown
[2026-06-03T12:22:32.104Z] [WARN ] Select query item dropdown not found
[2026-06-03T12:22:32.111Z] [WARN ] Add to Query button not found

────────────────────────────────────────────────────────────
  STEP 6 — Process All 0 Files (Split → Confirm Split)
────────────────────────────────────────────────────────────

────────────────────────────────────────────────────────────
  STEP 7 — Select Classification Process and Add First File to Query
────────────────────────────────────────────────────────────
[2026-06-03T12:22:32.111Z] [INFO ] Opening Process dropdown to select classification process
[2026-06-03T12:22:33.021Z] [INFO ] Classification process selected
[2026-06-03T12:22:49.985Z] [INFO ] Selecting first file in classification screen
[2026-06-03T12:22:52.038Z] [INFO ] First file selected
[2026-06-03T12:22:52.039Z] [INFO ] Opening Add to query dropdown
[2026-06-03T12:22:52.053Z] [WARN ] Add to query dropdown not found
[2026-06-03T12:22:52.059Z] [WARN ] Add to query button not found
[2026-06-03T12:22:52.063Z] [WARN ] Save button not found

────────────────────────────────────────────────────────────
  STEP 8 — Post-Loop Validation
────────────────────────────────────────────────────────────
[2026-06-03T12:22:52.862Z] [ERROR] Browser page error: Worker was terminated
[2026-06-03T12:22:54.075Z] [INFO ] Page title: "File Inbox"
[2026-06-03T12:22:54.077Z] [INFO ] Final URL: http://172.168.50.94/queue/file-inbox?process=6
[2026-06-03T12:22:54.077Z] [WARN ] URL VALIDATION — "process=7" not found in: http://172.168.50.94/queue/file-inbox?process=6
