
────────────────────────────────────────────────────────────
  TEST START — Tabak Grouping & Split Automation (UNATTENDED)
────────────────────────────────────────────────────────────
[2026-06-03T12:18:22.000Z] [INFO ] Log file : C:\Users\abhinav.kaushik\OneDrive - Provana India Pvt. Ltd\Desktop\PRA\documents_upload\playwright-project\tests\logs\Tabak_2026-06-03_17-48-21.log
[2026-06-03T12:18:22.000Z] [INFO ] Run mode : HEADLESS / UNATTENDED

────────────────────────────────────────────────────────────
  STEP 1 — Navigate to Tabak Application
────────────────────────────────────────────────────────────
[2026-06-03T12:18:32.426Z] [INFO ] Page loaded — title: "Auth | Login"

────────────────────────────────────────────────────────────
  STEP 2 — Login
────────────────────────────────────────────────────────────
[2026-06-03T12:18:32.481Z] [INFO ] Login form visible
[2026-06-03T12:18:32.516Z] [INFO ] Email entered
[2026-06-03T12:18:32.547Z] [INFO ] Password entered
[2026-06-03T12:18:38.300Z] [INFO ] Login successful — URL: http://172.168.50.94/queue/file-inbox

────────────────────────────────────────────────────────────
  STEP 3 — Navigate to File Inbox Queue (process=6)
────────────────────────────────────────────────────────────
[2026-06-03T12:18:43.964Z] [INFO ] Queue page loaded — URL: http://172.168.50.94/queue/file-inbox?process=6

────────────────────────────────────────────────────────────
  STEP 4 — Select Grouping Process from Dropdown
────────────────────────────────────────────────────────────
[2026-06-03T12:18:43.964Z] [INFO ] Opening Select Process dropdown...
[2026-06-03T12:18:44.918Z] [INFO ] Grouping process selected
[2026-06-03T12:18:46.930Z] [INFO ] URL after selection: http://172.168.50.94/queue/file-inbox?process=7

────────────────────────────────────────────────────────────
  STEP 5 — Count Files in Inbox
────────────────────────────────────────────────────────────
[2026-06-03T12:18:54.946Z] [WARN ] File list selector not found — inbox may be empty
[2026-06-03T12:18:54.957Z] [INFO ] Total files in inbox: 0
[2026-06-03T12:18:54.957Z] [WARN ] No files found on Grouping screen — switching to Classification process
[2026-06-03T12:18:55.884Z] [INFO ] Classification process selected from dropdown
[2026-06-03T12:18:58.934Z] [INFO ] First file on Classification screen selected
[2026-06-03T12:19:00.942Z] [INFO ] Opening Select query item dropdown
[2026-06-03T12:19:00.966Z] [WARN ] Select query item dropdown not found
[2026-06-03T12:19:00.972Z] [WARN ] Add to Query button not found

────────────────────────────────────────────────────────────
  STEP 6 — Process All 0 Files (Split → Confirm Split)
────────────────────────────────────────────────────────────

────────────────────────────────────────────────────────────
  STEP 7 — Select Classification Process and Add First File to Query
────────────────────────────────────────────────────────────
[2026-06-03T12:19:00.972Z] [INFO ] Opening Process dropdown to select classification process
[2026-06-03T12:19:01.880Z] [INFO ] Classification process selected
[2026-06-03T12:19:14.911Z] [INFO ] Selecting first file in classification screen
[2026-06-03T12:19:16.959Z] [INFO ] First file selected
[2026-06-03T12:19:16.959Z] [INFO ] Opening Add to query dropdown
[2026-06-03T12:19:16.969Z] [WARN ] Add to query dropdown not found
[2026-06-03T12:19:16.974Z] [WARN ] Add to query button not found
[2026-06-03T12:19:16.980Z] [WARN ] Save button not found

────────────────────────────────────────────────────────────
  STEP 8 — Post-Loop Validation
────────────────────────────────────────────────────────────
[2026-06-03T12:19:17.748Z] [ERROR] Browser page error: Worker was terminated
[2026-06-03T12:19:18.999Z] [INFO ] Page title: "File Inbox"
[2026-06-03T12:19:19.001Z] [INFO ] Final URL: http://172.168.50.94/queue/file-inbox?process=6
[2026-06-03T12:19:19.001Z] [WARN ] URL VALIDATION — "process=7" not found in: http://172.168.50.94/queue/file-inbox?process=6
