
────────────────────────────────────────────────────────────
  TEST START — Tabak Grouping & Split Automation (UNATTENDED)
────────────────────────────────────────────────────────────
[2026-06-03T07:48:04.222Z] [INFO ] Log file : C:\Users\abhinav.kaushik\OneDrive - Provana India Pvt. Ltd\Desktop\PRA\documents_upload\playwright-project\tests\logs\Tabak_2026-06-03_13-18-04.log
[2026-06-03T07:48:04.222Z] [INFO ] Run mode : HEADLESS / UNATTENDED

────────────────────────────────────────────────────────────
  STEP 1 — Navigate to Tabak Application
────────────────────────────────────────────────────────────
[2026-06-03T07:48:15.196Z] [INFO ] Page loaded — title: "Auth | Login"

────────────────────────────────────────────────────────────
  STEP 2 — Login
────────────────────────────────────────────────────────────
[2026-06-03T07:48:15.236Z] [INFO ] Login form visible
[2026-06-03T07:48:15.257Z] [INFO ] Email entered
[2026-06-03T07:48:15.276Z] [INFO ] Password entered
[2026-06-03T07:48:21.302Z] [INFO ] Login successful — URL: http://172.168.50.94/queue/file-inbox

────────────────────────────────────────────────────────────
  STEP 3 — Navigate to File Inbox Queue (process=6)
────────────────────────────────────────────────────────────
[2026-06-03T07:48:27.872Z] [INFO ] Queue page loaded — URL: http://172.168.50.94/queue/file-inbox?process=6

────────────────────────────────────────────────────────────
  STEP 4 — Select Grouping Process from Dropdown
────────────────────────────────────────────────────────────
[2026-06-03T07:48:27.872Z] [INFO ] Opening Select Process dropdown...
[2026-06-03T07:48:28.829Z] [INFO ] Grouping process selected
[2026-06-03T07:48:30.844Z] [INFO ] URL after selection: http://172.168.50.94/queue/file-inbox?process=7

────────────────────────────────────────────────────────────
  STEP 5 — Count Files in Inbox
────────────────────────────────────────────────────────────
[2026-06-03T07:48:30.880Z] [INFO ] Total files in inbox: 4

────────────────────────────────────────────────────────────
  STEP 6 — Process All 4 Files (Split → Confirm Split)
────────────────────────────────────────────────────────────
[2026-06-03T07:48:30.881Z] [INFO ] ──────────────────────────────────────────────────
[2026-06-03T07:48:30.881Z] [INFO ] Processing File 1 of 4 ...
[2026-06-03T07:48:30.887Z] [INFO ] File 1 of 4 — content: 1-- ishaan .pdf Tabak Bulk Scan 05/18/2026
[2026-06-03T07:48:30.907Z] [INFO ] File 1 of 4 — row clicked, waiting for iframe (10 s)
[2026-06-03T07:48:41.016Z] [INFO ] File 1 of 4 — looking for Split button in iframe
[2026-06-03T07:48:41.044Z] [INFO ] File 1 of 4 — Split button found, clicking
[2026-06-03T07:48:44.419Z] [INFO ] File 1 of 4 — waiting 2.5 s for Confirm Split dialog
[2026-06-03T07:48:46.937Z] [INFO ] File 1 of 4 — total buttons on page: 3
[2026-06-03T07:48:46.953Z] [INFO ] File 1 of 4 — Confirm Split visible (primary): true
[2026-06-03T07:48:47.012Z] [INFO ] File 1 of 4 — Confirm Split clicked
[2026-06-03T07:48:47.012Z] [INFO ] File 1 of 4 — Step 1: processing (3 s)
[2026-06-03T07:48:50.019Z] [INFO ] File 1 of 4 — Step 2: operation in progress (10 s)
[2026-06-03T07:49:00.027Z] [INFO ] File 1 of 4 — Step 3: dialog closing (4 s)
[2026-06-03T07:49:04.044Z] [INFO ] File 1 of 4 — Step 4: file list reload (3 s)
[2026-06-03T07:49:07.053Z] [INFO ] File 1 of 4 — split completed
[2026-06-03T07:49:07.053Z] [INFO ] File 1 of 4 — reloading Grouping screen
[2026-06-03T07:49:14.827Z] [INFO ] File 1 of 4 — reload complete — URL: http://172.168.50.94/queue/file-inbox?process=7
[2026-06-03T07:49:16.842Z] [INFO ] File 1 of 4 — ready for next file
[2026-06-03T07:49:16.842Z] [INFO ] ──────────────────────────────────────────────────
[2026-06-03T07:49:16.842Z] [INFO ] Processing File 2 of 4 ...
[2026-06-03T07:49:16.862Z] [INFO ] File 2 of 4 — content: kulfi (6) .pdf Tabak Bulk Scan 05/29/2026
[2026-06-03T07:49:16.882Z] [INFO ] File 2 of 4 — row clicked, waiting for iframe (10 s)
[2026-06-03T07:49:26.990Z] [INFO ] File 2 of 4 — looking for Split button in iframe
[2026-06-03T07:49:27.018Z] [INFO ] File 2 of 4 — Split button found, clicking
[2026-06-03T07:49:27.090Z] [INFO ] File 2 of 4 — waiting 2.5 s for Confirm Split dialog
[2026-06-03T07:49:29.607Z] [INFO ] File 2 of 4 — total buttons on page: 3
[2026-06-03T07:49:29.623Z] [INFO ] File 2 of 4 — Confirm Split visible (primary): true
[2026-06-03T07:49:29.674Z] [INFO ] File 2 of 4 — Confirm Split clicked
[2026-06-03T07:49:29.674Z] [INFO ] File 2 of 4 — Step 1: processing (3 s)
[2026-06-03T07:49:32.681Z] [INFO ] File 2 of 4 — Step 2: operation in progress (10 s)
[2026-06-03T07:49:42.685Z] [INFO ] File 2 of 4 — Step 3: dialog closing (4 s)
[2026-06-03T07:49:46.705Z] [INFO ] File 2 of 4 — Step 4: file list reload (3 s)
[2026-06-03T07:49:49.712Z] [INFO ] File 2 of 4 — split completed
[2026-06-03T07:49:49.712Z] [INFO ] File 2 of 4 — reloading Grouping screen
[2026-06-03T07:49:57.940Z] [INFO ] File 2 of 4 — reload complete — URL: http://172.168.50.94/queue/file-inbox?process=7
[2026-06-03T07:49:59.952Z] [INFO ] File 2 of 4 — ready for next file
[2026-06-03T07:49:59.952Z] [INFO ] ──────────────────────────────────────────────────
[2026-06-03T07:49:59.952Z] [INFO ] Processing File 3 of 4 ...
[2026-06-03T07:51:23.652Z] [INFO ] File 3 of 4 — content: (unreadable)
[2026-06-03T07:51:23.656Z] [ERROR] File 3 of 4 — EXCEPTION: locator.click: Target page, context or browser has been closed
[2026-06-03T07:51:23.659Z] [INFO ] File 3 of 4 — continuing to next file after error
[2026-06-03T07:51:23.659Z] [INFO ] ──────────────────────────────────────────────────
[2026-06-03T07:51:23.659Z] [INFO ] Processing File 4 of 4 ...
[2026-06-03T07:51:23.661Z] [INFO ] File 4 of 4 — content: (unreadable)
[2026-06-03T07:51:23.663Z] [ERROR] File 4 of 4 — EXCEPTION: locator.click: Target page, context or browser has been closed
[2026-06-03T07:51:23.665Z] [INFO ] File 4 of 4 — continuing to next file after error

────────────────────────────────────────────────────────────
  STEP 7 — Select Classification Process and Add First File to Query
────────────────────────────────────────────────────────────
[2026-06-03T07:51:23.665Z] [INFO ] Opening Process dropdown to select classification process
