
────────────────────────────────────────────────────────────
  TEST START — Tabak Grouping & Split Automation (UNATTENDED)
────────────────────────────────────────────────────────────
[2026-06-05T08:08:10.288Z] [INFO ] Log file : C:\Users\abhinav.kaushik\OneDrive - Provana India Pvt. Ltd\Desktop\PRA\documents_upload\playwright-project\tests\logs\Tabak_2026-06-05_13-38-10.log
[2026-06-05T08:08:10.288Z] [INFO ] Run mode : HEADLESS / UNATTENDED

────────────────────────────────────────────────────────────
  STEP 1 — Navigate to Tabak Application
────────────────────────────────────────────────────────────
[2026-06-05T08:08:41.491Z] [INFO ] Page loaded — title: "Auth | Login"

────────────────────────────────────────────────────────────
  STEP 2 — Login
────────────────────────────────────────────────────────────
[2026-06-05T08:08:49.274Z] [INFO ] Login form visible
[2026-06-05T08:08:49.312Z] [INFO ] Email entered
[2026-06-05T08:08:49.349Z] [INFO ] Password entered
[2026-06-05T08:08:55.393Z] [INFO ] Login successful — URL: http://172.168.50.94/queue/file-inbox

────────────────────────────────────────────────────────────
  STEP 3 — Navigate to File Inbox Queue (process=6)
────────────────────────────────────────────────────────────
[2026-06-05T08:09:02.171Z] [INFO ] Queue page loaded — URL: http://172.168.50.94/queue/file-inbox?process=6

────────────────────────────────────────────────────────────
  STEP 4 — Select Grouping Process from Dropdown
────────────────────────────────────────────────────────────
[2026-06-05T08:09:03.224Z] [INFO ] Grouping process selected
[2026-06-05T08:09:04.751Z] [INFO ] URL after selection: http://172.168.50.94/queue/file-inbox?process=7

────────────────────────────────────────────────────────────
  STEP 5 — Count Files in Inbox
────────────────────────────────────────────────────────────
[2026-06-05T08:09:12.764Z] [WARN ] File list selector not found — inbox may be empty
[2026-06-05T08:09:12.777Z] [INFO ] Total files in inbox: 0
[2026-06-05T08:09:12.777Z] [WARN ] No files found on Grouping screen — switching to Classification process
[2026-06-05T08:09:13.745Z] [INFO ] Classification process selected
[2026-06-05T08:09:15.285Z] [WARN ] No file visible on Classification screen after process switch

────────────────────────────────────────────────────────────
  STEP 6 — Process All 0 Files (Split → Confirm Split)
────────────────────────────────────────────────────────────

────────────────────────────────────────────────────────────
  STEP 7 — Select Classification Process and Add First File to Query
────────────────────────────────────────────────────────────
[2026-06-05T08:09:15.293Z] [INFO ] Selecting Classification process
[2026-06-05T08:09:16.262Z] [INFO ] Classification process selected
[2026-06-05T08:09:17.781Z] [INFO ] Selecting first file in classification screen
[2026-06-05T08:09:21.847Z] [INFO ] First file selected
[2026-06-05T08:09:22.217Z] [WARN ] Select query item(s) dropdown not found
[2026-06-05T08:09:22.407Z] [WARN ] Save button not found

────────────────────────────────────────────────────────────
  STEP 8 — Post-Loop Validation
────────────────────────────────────────────────────────────
[2026-06-05T08:09:24.451Z] [INFO ] Page title: "File Inbox"
[2026-06-05T08:09:24.454Z] [INFO ] Final URL: http://172.168.50.94/queue/file-inbox?process=6
[2026-06-05T08:09:24.454Z] [WARN ] URL VALIDATION — "process=7" not found in: http://172.168.50.94/queue/file-inbox?process=6
[2026-06-05T08:09:24.458Z] [WARN ] Final validation skipped due to page closure or navigation error: [2mexpect([22m[31mreceived[39m[2m).[22mtoContain[2m([22m[32mexpected[39m[2m) // indexOf[22m

Expected substring: [32m"process=7"[39m
Received string:    [31m"http://172.168.50.94/queue/file-inbox?process=6"[39m

────────────────────────────────────────────────────────────
  STEP 8 — Final Screenshot
────────────────────────────────────────────────────────────
[2026-06-05T08:09:24.699Z] [INFO ] Final screenshot saved: screenshots/tabak-completed.png
[2026-06-05T08:09:24.699Z] [INFO ] Test execution complete

════════════════════════════════════════════════════════════
  TABAK TEST RUN SUMMARY
════════════════════════════════════════════════════════════
  Log file      : C:\Users\abhinav.kaushik\OneDrive - Provana India Pvt. Ltd\Desktop\PRA\documents_upload\playwright-project\tests\logs\Tabak_2026-06-05_13-38-10.log
  Run date/time : 6/5/2026, 1:38:10 PM
  Total files   : 0
  Errors logged : 5
  INFO lines    : 20
  WARN lines    : 7
  ERROR lines   : 0
  Elapsed       : 74.4 s

  ── ERROR DETAILS ──────────────────────────────────────
  [1] File list selector not found — inbox may be empty
  [2] No files found on Grouping screen — switching to Classification process
  [3] No file visible on Classification screen after process switch
  [4] Save button not found
  [5] URL VALIDATION — "process=7" not found in: http://172.168.50.94/queue/file-inbox?process=6

  RESULT : ⚠ COMPLETED WITH ERRORS
════════════════════════════════════════════════════════════

